antigravity-awesome-skills-main/skills/radix-ui-design-system/templates/component-template.tsx(11,13): error TS1003: Identifier expected.
antigravity-awesome-skills-main/skills/radix-ui-design-system/templates/component-template.tsx(11,25): error TS1005: ';' expected.
antigravity-awesome-skills-main/skills/radix-ui-design-system/templates/component-template.tsx(19,18): error TS1005: ',' expected.
antigravity-awesome-skills-main/skills/radix-ui-design-system/templates/component-template.tsx(47,22): error TS1005: ';' expected.
antigravity-awesome-skills-main/skills/radix-ui-design-system/templates/component-template.tsx(48,3): error TS1128: Declaration or statement expected.
antigravity-awesome-skills-main/skills/radix-ui-design-system/templates/component-template.tsx(48,66): error TS1109: Expression expected.
antigravity-awesome-skills-main/skills/radix-ui-design-system/templates/component-template.tsx(49,42): error TS1005: ';' expected.
antigravity-awesome-skills-main/skills/radix-ui-design-system/templates/component-template.tsx(57,17): error TS1003: Identifier expected.
antigravity-awesome-skills-main/skills/radix-ui-design-system/templates/component-template.tsx(63,2): error TS1005: ',' expected.
antigravity-awesome-skills-main/skills/radix-ui-design-system/templates/component-template.tsx(63,15): error TS1005: ',' expected.
antigravity-awesome-skills-main/skills/radix-ui-design-system/templates/component-template.tsx(63,22): error TS1005: ';' expected.
antigravity-awesome-skills-main/skills/radix-ui-design-system/templates/component-template.tsx(65,5): error TS1109: Expression expected.
antigravity-awesome-skills-main/skills/radix-ui-design-system/templates/component-template.tsx(65,23): error TS1005: ')' expected.
antigravity-awesome-skills-main/skills/radix-ui-design-system/templates/component-template.tsx(65,24): error TS1128: Declaration or statement expected.
antigravity-awesome-skills-main/skills/radix-ui-design-system/templates/component-template.tsx(65,33): error TS1109: Expression expected.
antigravity-awesome-skills-main/skills/radix-ui-design-system/templates/component-template.tsx(67,28): error TS1005: ';' expected.
antigravity-awesome-skills-main/skills/radix-ui-design-system/templates/component-template.tsx(68,42): error TS1005: ',' expected.
antigravity-awesome-skills-main/skills/radix-ui-design-system/templates/component-template.tsx(71,7): error TS1128: Declaration or statement expected.
antigravity-awesome-skills-main/skills/radix-ui-design-system/templates/component-template.tsx(76,30): error TS1005: ';' expected.
antigravity-awesome-skills-main/skills/radix-ui-design-system/templates/component-template.tsx(76,58): error TS1109: Expression expected.
antigravity-awesome-skills-main/skills/radix-ui-design-system/templates/component-template.tsx(79,30): error TS1005: ';' expected.
antigravity-awesome-skills-main/skills/radix-ui-design-system/templates/component-template.tsx(81,30): error TS1005: ';' expected.
antigravity-awesome-skills-main/skills/radix-ui-design-system/templates/component-template.tsx(83,11): error TS1128: Declaration or statement expected.
antigravity-awesome-skills-main/skills/radix-ui-design-system/templates/component-template.tsx(85,11): error TS1109: Expression expected.
antigravity-awesome-skills-main/skills/radix-ui-design-system/templates/component-template.tsx(85,36): error TS1005: ';' expected.
antigravity-awesome-skills-main/skills/radix-ui-design-system/templates/component-template.tsx(87,11): error TS1128: Declaration or statement expected.
antigravity-awesome-skills-main/skills/radix-ui-design-system/templates/component-template.tsx(90,16): error TS1005: ';' expected.
antigravity-awesome-skills-main/skills/radix-ui-design-system/templates/component-template.tsx(92,11): error TS1128: Declaration or statement expected.
antigravity-awesome-skills-main/skills/radix-ui-design-system/templates/component-template.tsx(95,30): error TS1005: ';' expected.
antigravity-awesome-skills-main/skills/radix-ui-design-system/templates/component-template.tsx(97,11): error TS1128: Declaration or statement expected.
antigravity-awesome-skills-main/skills/radix-ui-design-system/templates/component-template.tsx(98,9): error TS1109: Expression expected.
antigravity-awesome-skills-main/skills/radix-ui-design-system/templates/component-template.tsx(99,7): error TS1109: Expression expected.
antigravity-awesome-skills-main/skills/radix-ui-design-system/templates/component-template.tsx(100,5): error TS1109: Expression expected.
antigravity-awesome-skills-main/skills/radix-ui-design-system/templates/component-template.tsx(101,3): error TS1109: Expression expected.
antigravity-awesome-skills-main/skills/radix-ui-design-system/templates/component-template.tsx(108,13): error TS1003: Identifier expected.
antigravity-awesome-skills-main/skills/radix-ui-design-system/templates/component-template.tsx(108,39): error TS1005: '(' expected.
antigravity-awesome-skills-main/skills/radix-ui-design-system/templates/component-template.tsx(111,2): error TS1005: ',' expected.
antigravity-awesome-skills-main/skills/radix-ui-design-system/templates/component-template.tsx(111,54): error TS1003: Identifier expected.
antigravity-awesome-skills-main/skills/radix-ui-design-system/templates/component-template.tsx(111,69): error TS1109: Expression expected.
antigravity-awesome-skills-main/skills/radix-ui-design-system/templates/component-template.tsx(111,71): error TS1005: ';' expected.
antigravity-awesome-skills-main/skills/radix-ui-design-system/templates/component-template.tsx(113,5): error TS1109: Expression expected.
antigravity-awesome-skills-main/skills/radix-ui-design-system/templates/component-template.tsx(113,18): error TS1003: Identifier expected.
antigravity-awesome-skills-main/skills/radix-ui-design-system/templates/component-template.tsx(114,7): error TS1005: ')' expected.
antigravity-awesome-skills-main/skills/radix-ui-design-system/templates/component-template.tsx(114,21): error TS1003: Identifier expected.
antigravity-awesome-skills-main/skills/radix-ui-design-system/templates/component-template.tsx(114,42): error TS1138: Parameter declaration expected.
antigravity-awesome-skills-main/skills/radix-ui-design-system/templates/component-template.tsx(115,8): error TS1128: Declaration or statement expected.
antigravity-awesome-skills-main/skills/radix-ui-design-system/templates/component-template.tsx(116,5): error TS1161: Unterminated regular expression literal.
antigravity-awesome-skills-main/skills/radix-ui-design-system/templates/component-template.tsx(117,3): error TS1128: Declaration or statement expected.
antigravity-awesome-skills-main/web-app/public/skills/radix-ui-design-system/templates/component-template.tsx(11,13): error TS1003: Identifier expected.
antigravity-awesome-skills-main/web-app/public/skills/radix-ui-design-system/templates/component-template.tsx(11,25): error TS1005: ';' expected.
antigravity-awesome-skills-main/web-app/public/skills/radix-ui-design-system/templates/component-template.tsx(19,18): error TS1005: ',' expected.
antigravity-awesome-skills-main/web-app/public/skills/radix-ui-design-system/templates/component-template.tsx(47,22): error TS1005: ';' expected.
antigravity-awesome-skills-main/web-app/public/skills/radix-ui-design-system/templates/component-template.tsx(48,3): error TS1128: Declaration or statement expected.
antigravity-awesome-skills-main/web-app/public/skills/radix-ui-design-system/templates/component-template.tsx(48,66): error TS1109: Expression expected.
antigravity-awesome-skills-main/web-app/public/skills/radix-ui-design-system/templates/component-template.tsx(49,42): error TS1005: ';' expected.
antigravity-awesome-skills-main/web-app/public/skills/radix-ui-design-system/templates/component-template.tsx(57,17): error TS1003: Identifier expected.
antigravity-awesome-skills-main/web-app/public/skills/radix-ui-design-system/templates/component-template.tsx(63,2): error TS1005: ',' expected.
antigravity-awesome-skills-main/web-app/public/skills/radix-ui-design-system/templates/component-template.tsx(63,15): error TS1005: ',' expected.
antigravity-awesome-skills-main/web-app/public/skills/radix-ui-design-system/templates/component-template.tsx(63,22): error TS1005: ';' expected.
antigravity-awesome-skills-main/web-app/public/skills/radix-ui-design-system/templates/component-template.tsx(65,5): error TS1109: Expression expected.
antigravity-awesome-skills-main/web-app/public/skills/radix-ui-design-system/templates/component-template.tsx(65,23): error TS1005: ')' expected.
antigravity-awesome-skills-main/web-app/public/skills/radix-ui-design-system/templates/component-template.tsx(65,24): error TS1128: Declaration or statement expected.
antigravity-awesome-skills-main/web-app/public/skills/radix-ui-design-system/templates/component-template.tsx(65,33): error TS1109: Expression expected.
antigravity-awesome-skills-main/web-app/public/skills/radix-ui-design-system/templates/component-template.tsx(67,28): error TS1005: ';' expected.
antigravity-awesome-skills-main/web-app/public/skills/radix-ui-design-system/templates/component-template.tsx(68,42): error TS1005: ',' expected.
antigravity-awesome-skills-main/web-app/public/skills/radix-ui-design-system/templates/component-template.tsx(71,7): error TS1128: Declaration or statement expected.
antigravity-awesome-skills-main/web-app/public/skills/radix-ui-design-system/templates/component-template.tsx(76,30): error TS1005: ';' expected.
antigravity-awesome-skills-main/web-app/public/skills/radix-ui-design-system/templates/component-template.tsx(76,58): error TS1109: Expression expected.
antigravity-awesome-skills-main/web-app/public/skills/radix-ui-design-system/templates/component-template.tsx(79,30): error TS1005: ';' expected.
antigravity-awesome-skills-main/web-app/public/skills/radix-ui-design-system/templates/component-template.tsx(81,30): error TS1005: ';' expected.
antigravity-awesome-skills-main/web-app/public/skills/radix-ui-design-system/templates/component-template.tsx(83,11): error TS1128: Declaration or statement expected.
antigravity-awesome-skills-main/web-app/public/skills/radix-ui-design-system/templates/component-template.tsx(85,11): error TS1109: Expression expected.
antigravity-awesome-skills-main/web-app/public/skills/radix-ui-design-system/templates/component-template.tsx(85,36): error TS1005: ';' expected.
antigravity-awesome-skills-main/web-app/public/skills/radix-ui-design-system/templates/component-template.tsx(87,11): error TS1128: Declaration or statement expected.
antigravity-awesome-skills-main/web-app/public/skills/radix-ui-design-system/templates/component-template.tsx(90,16): error TS1005: ';' expected.
antigravity-awesome-skills-main/web-app/public/skills/radix-ui-design-system/templates/component-template.tsx(92,11): error TS1128: Declaration or statement expected.
antigravity-awesome-skills-main/web-app/public/skills/radix-ui-design-system/templates/component-template.tsx(95,30): error TS1005: ';' expected.
antigravity-awesome-skills-main/web-app/public/skills/radix-ui-design-system/templates/component-template.tsx(97,11): error TS1128: Declaration or statement expected.
antigravity-awesome-skills-main/web-app/public/skills/radix-ui-design-system/templates/component-template.tsx(98,9): error TS1109: Expression expected.
antigravity-awesome-skills-main/web-app/public/skills/radix-ui-design-system/templates/component-template.tsx(99,7): error TS1109: Expression expected.
antigravity-awesome-skills-main/web-app/public/skills/radix-ui-design-system/templates/component-template.tsx(100,5): error TS1109: Expression expected.
antigravity-awesome-skills-main/web-app/public/skills/radix-ui-design-system/templates/component-template.tsx(101,3): error TS1109: Expression expected.
antigravity-awesome-skills-main/web-app/public/skills/radix-ui-design-system/templates/component-template.tsx(108,13): error TS1003: Identifier expected.
antigravity-awesome-skills-main/web-app/public/skills/radix-ui-design-system/templates/component-template.tsx(108,39): error TS1005: '(' expected.
antigravity-awesome-skills-main/web-app/public/skills/radix-ui-design-system/templates/component-template.tsx(111,2): error TS1005: ',' expected.
antigravity-awesome-skills-main/web-app/public/skills/radix-ui-design-system/templates/component-template.tsx(111,54): error TS1003: Identifier expected.
antigravity-awesome-skills-main/web-app/public/skills/radix-ui-design-system/templates/component-template.tsx(111,69): error TS1109: Expression expected.
antigravity-awesome-skills-main/web-app/public/skills/radix-ui-design-system/templates/component-template.tsx(111,71): error TS1005: ';' expected.
antigravity-awesome-skills-main/web-app/public/skills/radix-ui-design-system/templates/component-template.tsx(113,5): error TS1109: Expression expected.
antigravity-awesome-skills-main/web-app/public/skills/radix-ui-design-system/templates/component-template.tsx(113,18): error TS1003: Identifier expected.
antigravity-awesome-skills-main/web-app/public/skills/radix-ui-design-system/templates/component-template.tsx(114,7): error TS1005: ')' expected.
antigravity-awesome-skills-main/web-app/public/skills/radix-ui-design-system/templates/component-template.tsx(114,21): error TS1003: Identifier expected.
antigravity-awesome-skills-main/web-app/public/skills/radix-ui-design-system/templates/component-template.tsx(114,42): error TS1138: Parameter declaration expected.
antigravity-awesome-skills-main/web-app/public/skills/radix-ui-design-system/templates/component-template.tsx(115,8): error TS1128: Declaration or statement expected.
antigravity-awesome-skills-main/web-app/public/skills/radix-ui-design-system/templates/component-template.tsx(116,5): error TS1161: Unterminated regular expression literal.
antigravity-awesome-skills-main/web-app/public/skills/radix-ui-design-system/templates/component-template.tsx(117,3): error TS1128: Declaration or statement expected.
